                            08/07/2025 at 16h26m26s                             


 ------------------------------------------------------------------------------
|   Another GFF Analysis Toolkit (AGAT) - Version: v1.5.1                      |
|   https://github.com/NBISweden/AGAT                                          |
|   National Bioinformatics Infrastructure Sweden (NBIS) - www.nbis.se         |
 ------------------------------------------------------------------------------
                                        
                                       
                          ------ Start parsing ------                           
-------------------------- parse options and metadata --------------------------
=> Accessing the feature_levels YAML file
Using standard /home/sh2246/miniconda3/envs/daily/lib/perl5/site_perl/auto/share/dist/AGAT/feature_levels.yaml file
=> Attribute used to group features when no Parent/ID relationship exists (i.e common tag):
	* locus_tag
	* gene_id
=> merge_loci option deactivated
=> Machine information:
	This script is being run by perl v5.32.1
	Bioperl location being used: /programs/PERL-r9/lib/perl5/Bio/
	Operating system being used: linux 
=> Accessing Ontology
	No ontology accessible from the gff file header!
	We use the SOFA ontology distributed with AGAT:
		/home/sh2246/miniconda3/envs/daily/lib/perl5/site_perl/auto/share/dist/AGAT/so.obo
	Read ontology /home/sh2246/miniconda3/envs/daily/lib/perl5/site_perl/auto/share/dist/AGAT/so.obo:
		4 root terms, and 2596 total terms, and 1516 leaf terms
	Filtering ontology:
The feature type (3rd column) is constrained to be either a term from the Sequence Ontology or an SO accession number. The latter alternative is distinguished using the syntax SO:000000. In either case, it must be sequence_feature (SO:0000110) or an is_a child of it.
We filter the ontology to apply this rule.		We found 1861 terms that are sequence_feature or is_a child of it.
--------------------------------- parsing file ---------------------------------
=> Number of line in file: 1143807
=> Number of comment lines: 4
=> Fasta included: No
=> Number of features lines: 1143803
=> Number of feature type (3rd column): 8
	* Level1: 3 => gene chromosome scaffold
	* level2: 1 => mRNA
	* level3: 4 => three_prime_UTR five_prime_UTR CDS exon
	* unknown: 0 => 
=> Version of the Bioperl GFF parser selected by AGAT: 3

                 ------ End parsing (done in 208 second) ------                 


                           ------ Start checks ------                           
---------------------------- Check1: feature types -----------------------------
----------------------------------- ontology -----------------------------------
INFO - Feature types not expected by the GFF3 specification:
* scaffold
The feature type (3rd column in GFF3) is constrained to be either a term from th
e Sequence Ontology or an SO accession number. The latter alternative is disting
uished using the syntax SO:000000. In either case, it must be sequence_feature (
SO:0000110) or an is_a child of it.To follow rigorously the gff3 format, please 
visit this website:
https://github.com/The-Sequence-Ontology/Specifications/blob/master/gff3.md
------------------------------------- agat -------------------------------------
AGAT can deal with all the encountered feature types (3rd column)
------------------------------ done in 0 seconds -------------------------------

------------------------------ Check2: duplicates ------------------------------
None found
------------------------------ done in 0 seconds -------------------------------

-------------------------- Check3: sequential bucket ---------------------------
Nothing to check as sequential bucket!
------------------------------ done in 0 seconds -------------------------------

--------------------------- Check4: l2 linked to l3 ----------------------------
No problem found
------------------------------ done in 1 seconds -------------------------------

--------------------------- Check5: l1 linked to l2 ----------------------------
No problem found
------------------------------ done in 0 seconds -------------------------------

--------------------------- Check6: remove orphan l1 ---------------------------
We remove only those not supposed to be orphan
None found
------------------------------ done in 0 seconds -------------------------------

------------------------- Check7: all level3 locations -------------------------
------------------------------ done in 23 seconds ------------------------------

------------------------------ Check8: check cds -------------------------------
No problem found
------------------------------ done in 0 seconds -------------------------------

----------------------------- Check9: check exons ------------------------------
No exons created
No exons locations modified
No supernumerary exons removed
No level2 locations modified
------------------------------ done in 15 seconds ------------------------------

----------------------------- Check10: check utrs ------------------------------
No UTRs created
No UTRs locations modified
No supernumerary UTRs removed
------------------------------ done in 10 seconds ------------------------------

------------------------ Check11: all level2 locations -------------------------
No problem found
------------------------------ done in 15 seconds ------------------------------

------------------------ Check12: all level1 locations -------------------------
No problem found
------------------------------ done in 1 seconds -------------------------------

---------------------- Check13: remove identical isoforms ----------------------
None found
------------------------------ done in 4 seconds -------------------------------
                  ------ End checks (done in 69 second) ------                  


